<?xml version="1.0" encoding="utf-8"?><testsuites name="pytest tests"><testsuite name="pytest" errors="0" failures="1" skipped="0" tests="9" time="1.143" timestamp="2026-05-23T01:06:52.596891+03:00" hostname="DESKTOP-R6SPS24"><testcase classname="tests.test_models.test_domain_models" name="test_user_creation_success" time="0.008" /><testcase classname="tests.test_models.test_domain_models" name="test_user_creation_invalid_email" time="0.001" /><testcase classname="tests.test_models.test_domain_models" name="test_order_creation_success" time="0.001" /><testcase classname="tests.test_models.test_domain_models" name="test_order_missing_fields" time="0.001" /><testcase classname="tests.test_services.test_builder_service" name="test_forced_filters_motherboard" time="0.002" /><testcase classname="tests.test_services.test_builder_service" name="test_forced_filters_psu_calculation" time="0.159"><failure message="AssertionError: assert {'min_power': ['585.0']} == {'min_power': ['585']}&#10;  &#10;  Differing items:&#10;  #x1B[0m{#x1B[33m'#x1B[39;49;00m#x1B[33mmin_power#x1B[39;49;00m#x1B[33m'#x1B[39;49;00m: [#x1B[33m'#x1B[39;49;00m#x1B[33m585.0#x1B[39;49;00m#x1B[33m'#x1B[39;49;00m]}#x1B[90m#x1B[39;49;00m != #x1B[0m{#x1B[33m'#x1B[39;49;00m#x1B[33mmin_power#x1B[39;49;00m#x1B[33m'#x1B[39;49;00m: [#x1B[33m'#x1B[39;49;00m#x1B[33m585#x1B[39;49;00m#x1B[33m'#x1B[39;49;00m]}#x1B[90m#x1B[39;49;00m&#10;  Use -v to get more diff">builder_service = &lt;core.services.builder_service.BuilderService object at 0x00000235A59337D0&gt;

    def test_forced_filters_psu_calculation(builder_service):
        """Edge Case: Розрахунок потужності блоку живлення (CPU + GPU + 200W)"""
        build_state = {
            "CPU": {"power": 65},
            "GPU": {"power": 320}
        }
        filters = builder_service.get_forced_filters(build_state, "psu")
&gt;       assert filters == {"min_power": [str(65 + 320 + 200)]}
E       AssertionError: assert {'min_power': ['585.0']} == {'min_power': ['585']}
E         
E         Differing items:
E         #x1B[0m{#x1B[33m'#x1B[39;49;00m#x1B[33mmin_power#x1B[39;49;00m#x1B[33m'#x1B[39;49;00m: [#x1B[33m'#x1B[39;49;00m#x1B[33m585.0#x1B[39;49;00m#x1B[33m'#x1B[39;49;00m]}#x1B[90m#x1B[39;49;00m != #x1B[0m{#x1B[33m'#x1B[39;49;00m#x1B[33mmin_power#x1B[39;49;00m#x1B[33m'#x1B[39;49;00m: [#x1B[33m'#x1B[39;49;00m#x1B[33m585#x1B[39;49;00m#x1B[33m'#x1B[39;49;00m]}#x1B[90m#x1B[39;49;00m
E         Use -v to get more diff

tests\test_services\test_builder_service.py:26: AssertionError</failure></testcase><testcase classname="tests.test_services.test_builder_service" name="test_forced_filters_empty_state" time="0.001" /><testcase classname="tests.test_services.test_builder_service" name="test_save_build_unique_name" time="0.007" /><testcase classname="tests.test_services.test_builder_service" name="test_save_build_duplicate_name" time="0.003" /></testsuite></testsuites>